.\gradlew.bat : WARNING: A restricted method in java.lang.System has been called
C:\Users\rust\AppData\Local\Temp\ps-script-0f549988-6ee4-44da-abe1-28e6960fa9da.ps1:85 знак:29
+ ... \repos\pycharm_plugin; .\gradlew.bat clean compileKotlin 2>&1 | Out-F ...
+                            ~~~~~~~~~~~~~~~~~~~~~~~~~~~~~~~~~~~~~~
    + CategoryInfo          : NotSpecified: (WARNING: A rest...has been called:String) [], RemoteException
    + FullyQualifiedErrorId : NativeCommandError
 
WARNING: java.lang.System::load has been called by net.rubygrapefruit.platform.internal.NativeLibraryLoader in an unnam
ed module (file:/C:/Users/rust/.gradle/wrapper/dists/gradle-8.5-bin/5t9huq95ubn472n8rpzujfbqh/gradle-8.5/lib/native-pla
tform-0.22-milestone-25.jar)
WARNING: Use --enable-native-access=ALL-UNNAMED to avoid a warning for callers in this module
WARNING: Restricted methods will be blocked in a future release unless native access is enabled

> Task :clean
> Task :checkKotlinGradlePluginConfigurationErrors SKIPPED
> Task :initializeIntelliJPlugin

> Task :patchPluginXml
[gradle-intellij-plugin :patchPluginXml] Patching plugin.xml: attribute 'since-build=[241]' of 'idea-version' tag will be set to '241'
[gradle-intellij-plugin :patchPluginXml] Patching plugin.xml: attribute 'until-build=[300.*]' of 'idea-version' tag will be set to '300.*'
[gradle-intellij-plugin :patchPluginXml] Patching plugin.xml: value of 'version[2.0.0]' tag will be set to '2.0.0'

> Task :verifyPluginConfiguration
[gradle-intellij-plugin :verifyPluginConfiguration] The following plugin configuration issues were found:
- The dependency on the Kotlin Standard Library (stdlib) is automatically added when using the Gradle Kotlin plugin and may conflict with the version provided with the IntelliJ Platform, see: https://jb.gg/intellij-platform-kotlin-stdlib
See: https://jb.gg/intellij-platform-versions

> Task :compileKotlin FAILED
e: file:///D:/repos/pycharm_plugin/src/main/kotlin/com/testviewer/FileStructurePanel.kt:233:26 None of the following ca
ndidates is applicable:
fun String.endsWith(suffix: String, ignoreCase: Boolean = ...): Boolean
fun CharSequence.endsWith(char: Char, ignoreCase: Boolean = ...): Boolean
fun CharSequence.endsWith(suffix: CharSequence, ignoreCase: Boolean = ...): Boolean
e: file:///D:/repos/pycharm_plugin/src/main/kotlin/com/testviewer/FileStructurePanel.kt:234:53 Argument type mismatch: 
actual type is 'kotlin.String?', but 'kotlin.CharSequence' was expected.

FAILURE: Build failed with an exception.

* What went wrong:
Execution failed for task ':compileKotlin'.
> A failure occurred while executing org.jetbrains.kotlin.compilerRunner.GradleCompilerRunnerWithWorkers$GradleKotlinCo
mpilerWorkAction
   > Compilation error. See log for more details

* Try:
> Run with --stacktrace option to get the stack trace.
> Run with --info or --debug option to get more log output.
> Run with --scan to get full insights.
> Get more help at https://help.gradle.org.

BUILD FAILED in 1s
5 actionable tasks: 5 executed
